1. 李自成- 維基百科，自由的百科全書. 李自成（1606年9月22日—1645年5月17日），原名鴻基，陝西米脂人，世居米脂李繼遷寨，明末民變領袖之一，大順皇帝。 原是陝北驛卒。 崇禎帝採信大臣裁撤驛卒的建議，造成失業驛卒武 ... 链接: https://zh.wikipedia.org/wiki/%e6%9d%8e%e8%87%aa%e6%88%90. 2. 李自成- 维基百科，自由的百科全书. 李自成（1606年9月22日—1645年5月17日），原名鸿基，陕西米脂人，世居米脂李继迁寨，明末民变领袖之一，大顺皇帝。 原是陕北驿卒。 崇祯帝采信大臣裁撤驿卒的建议，造成失业驿卒武 ... 链接: https://zh.wikipedia.org/zh-hans/%e6%9d%8e%e8%87%aa%e6%88%90